<?xml version="1.0"?>
<link_info>
   <banner>TI ARM Linker Unix v16.9.1.LTS</banner>
   <copyright>Copyright (c) 1996-2015 Texas Instruments Incorporated</copyright>
   <link_time>0x5942e082</link_time>
   <link_errors>0x0</link_errors>
   <output_file>lab1working.out</output_file>
   <entry_point>
      <name>_c_int00</name>
      <address>0x865</address>
   </entry_point>
   <input_file_list>
      <input_file id="fl-2">
         <path>./</path>
         <kind>object</kind>
         <file>fib.obj</file>
         <name>fib.obj</name>
      </input_file>
      <input_file id="fl-3">
         <path>./</path>
         <kind>object</kind>
         <file>main.obj</file>
         <name>main.obj</name>
      </input_file>
      <input_file id="fl-4">
         <path>./</path>
         <kind>object</kind>
         <file>tm4c1230h6pm_startup_ccs.obj</file>
         <name>tm4c1230h6pm_startup_ccs.obj</name>
      </input_file>
      <input_file id="fl-a">
         <path>/Users/Albader/ti/TivaWare_C_Series-2.1.3.156/driverlib/ccs/Debug/</path>
         <kind>archive</kind>
         <file>driverlib.lib</file>
         <name>gpio.obj</name>
      </input_file>
      <input_file id="fl-b">
         <path>/Users/Albader/ti/TivaWare_C_Series-2.1.3.156/driverlib/ccs/Debug/</path>
         <kind>archive</kind>
         <file>driverlib.lib</file>
         <name>interrupt.obj</name>
      </input_file>
      <input_file id="fl-c">
         <path>/Users/Albader/ti/TivaWare_C_Series-2.1.3.156/driverlib/ccs/Debug/</path>
         <kind>archive</kind>
         <file>driverlib.lib</file>
         <name>sysctl.obj</name>
      </input_file>
      <input_file id="fl-d">
         <path>/Users/Albader/ti/TivaWare_C_Series-2.1.3.156/driverlib/ccs/Debug/</path>
         <kind>archive</kind>
         <file>driverlib.lib</file>
         <name>cpu.obj</name>
      </input_file>
      <input_file id="fl-c3">
         <path>/Applications/ti/ccsv7/tools/compiler/ti-cgt-arm_16.9.1.LTS/lib/</path>
         <kind>archive</kind>
         <file>rtsv7M4_T_le_v4SPD16_eabi.lib</file>
         <name>boot.obj</name>
      </input_file>
      <input_file id="fl-c4">
         <path>/Applications/ti/ccsv7/tools/compiler/ti-cgt-arm_16.9.1.LTS/lib/</path>
         <kind>archive</kind>
         <file>rtsv7M4_T_le_v4SPD16_eabi.lib</file>
         <name>copy_decompress_lzss.obj</name>
      </input_file>
      <input_file id="fl-c5">
         <path>/Applications/ti/ccsv7/tools/compiler/ti-cgt-arm_16.9.1.LTS/lib/</path>
         <kind>archive</kind>
         <file>rtsv7M4_T_le_v4SPD16_eabi.lib</file>
         <name>copy_decompress_none.obj</name>
      </input_file>
      <input_file id="fl-c6">
         <path>/Applications/ti/ccsv7/tools/compiler/ti-cgt-arm_16.9.1.LTS/lib/</path>
         <kind>archive</kind>
         <file>rtsv7M4_T_le_v4SPD16_eabi.lib</file>
         <name>copy_zero_init.obj</name>
      </input_file>
      <input_file id="fl-c7">
         <path>/Applications/ti/ccsv7/tools/compiler/ti-cgt-arm_16.9.1.LTS/lib/</path>
         <kind>archive</kind>
         <file>rtsv7M4_T_le_v4SPD16_eabi.lib</file>
         <name>exit.obj</name>
      </input_file>
      <input_file id="fl-c8">
         <path>/Applications/ti/ccsv7/tools/compiler/ti-cgt-arm_16.9.1.LTS/lib/</path>
         <kind>archive</kind>
         <file>rtsv7M4_T_le_v4SPD16_eabi.lib</file>
         <name>memcpy_t2.obj</name>
      </input_file>
      <input_file id="fl-c9">
         <path>/Applications/ti/ccsv7/tools/compiler/ti-cgt-arm_16.9.1.LTS/lib/</path>
         <kind>archive</kind>
         <file>rtsv7M4_T_le_v4SPD16_eabi.lib</file>
         <name>memset_t2.obj</name>
      </input_file>
      <input_file id="fl-ca">
         <path>/Applications/ti/ccsv7/tools/compiler/ti-cgt-arm_16.9.1.LTS/lib/</path>
         <kind>archive</kind>
         <file>rtsv7M4_T_le_v4SPD16_eabi.lib</file>
         <name>mpu_init.obj</name>
      </input_file>
      <input_file id="fl-cb">
         <path>/Applications/ti/ccsv7/tools/compiler/ti-cgt-arm_16.9.1.LTS/lib/</path>
         <kind>archive</kind>
         <file>rtsv7M4_T_le_v4SPD16_eabi.lib</file>
         <name>pre_init.obj</name>
      </input_file>
      <input_file id="fl-cc">
         <path>/Applications/ti/ccsv7/tools/compiler/ti-cgt-arm_16.9.1.LTS/lib/</path>
         <kind>archive</kind>
         <file>rtsv7M4_T_le_v4SPD16_eabi.lib</file>
         <name>stkdepth_vars.obj</name>
      </input_file>
      <input_file id="fl-cd">
         <path>/Applications/ti/ccsv7/tools/compiler/ti-cgt-arm_16.9.1.LTS/lib/</path>
         <kind>archive</kind>
         <file>rtsv7M4_T_le_v4SPD16_eabi.lib</file>
         <name>_lock.obj</name>
      </input_file>
      <input_file id="fl-ce">
         <path>/Applications/ti/ccsv7/tools/compiler/ti-cgt-arm_16.9.1.LTS/lib/</path>
         <kind>archive</kind>
         <file>rtsv7M4_T_le_v4SPD16_eabi.lib</file>
         <name>args_main.obj</name>
      </input_file>
      <input_file id="fl-cf">
         <path>/Applications/ti/ccsv7/tools/compiler/ti-cgt-arm_16.9.1.LTS/lib/</path>
         <kind>archive</kind>
         <file>rtsv7M4_T_le_v4SPD16_eabi.lib</file>
         <name>autoinit.obj</name>
      </input_file>
      <input_file id="fl-d0">
         <path>/Applications/ti/ccsv7/tools/compiler/ti-cgt-arm_16.9.1.LTS/lib/</path>
         <kind>archive</kind>
         <file>rtsv7M4_T_le_v4SPD16_eabi.lib</file>
         <name>cpy_tbl.obj</name>
      </input_file>
      <input_file id="fl-d1">
         <path>/Applications/ti/ccsv7/tools/compiler/ti-cgt-arm_16.9.1.LTS/lib/</path>
         <kind>archive</kind>
         <file>rtsv7M4_T_le_v4SPD16_eabi.lib</file>
         <name>startup.obj</name>
      </input_file>
   </input_file_list>
   <object_component_list>
      <object_component id="oc-f">
         <name>.intvecs</name>
         <load_address>0x0</load_address>
         <run_address>0x0</run_address>
         <size>0x26c</size>
         <input_file_ref idref="fl-4"/>
      </object_component>
      <object_component id="oc-a7">
         <name>.text</name>
         <load_address>0x26c</load_address>
         <run_address>0x26c</run_address>
         <size>0x350</size>
         <input_file_ref idref="fl-3"/>
      </object_component>
      <object_component id="oc-113">
         <name>.text:GPIOPadConfigSet</name>
         <load_address>0x5bc</load_address>
         <run_address>0x5bc</run_address>
         <size>0x132</size>
         <input_file_ref idref="fl-a"/>
      </object_component>
      <object_component id="oc-3f">
         <name>.text</name>
         <load_address>0x6ee</load_address>
         <run_address>0x6ee</run_address>
         <size>0x9c</size>
         <input_file_ref idref="fl-c8"/>
      </object_component>
      <object_component id="oc-57">
         <name>.text</name>
         <load_address>0x78a</load_address>
         <run_address>0x78a</run_address>
         <size>0x2</size>
         <input_file_ref idref="fl-ca"/>
      </object_component>
      <object_component id="oc-63">
         <name>.text</name>
         <load_address>0x78c</load_address>
         <run_address>0x78c</run_address>
         <size>0x70</size>
         <input_file_ref idref="fl-cf"/>
      </object_component>
      <object_component id="oc-12">
         <name>.text:decompress:lzss</name>
         <load_address>0x7fc</load_address>
         <run_address>0x7fc</run_address>
         <size>0x68</size>
         <input_file_ref idref="fl-c4"/>
      </object_component>
      <object_component id="oc-24">
         <name>.text</name>
         <load_address>0x864</load_address>
         <run_address>0x864</run_address>
         <size>0x54</size>
         <input_file_ref idref="fl-c3"/>
      </object_component>
      <object_component id="oc-6f">
         <name>.text</name>
         <load_address>0x8b8</load_address>
         <run_address>0x8b8</run_address>
         <size>0x54</size>
         <input_file_ref idref="fl-c7"/>
      </object_component>
      <object_component id="oc-99">
         <name>.text</name>
         <load_address>0x90c</load_address>
         <run_address>0x90c</run_address>
         <size>0x4c</size>
         <input_file_ref idref="fl-d0"/>
      </object_component>
      <object_component id="oc-d6">
         <name>.text:SysCtlPeripheralReady</name>
         <load_address>0x958</load_address>
         <run_address>0x958</run_address>
         <size>0x38</size>
         <input_file_ref idref="fl-c"/>
      </object_component>
      <object_component id="oc-d0">
         <name>.text:SysCtlPeripheralEnable</name>
         <load_address>0x990</load_address>
         <run_address>0x990</run_address>
         <size>0x34</size>
         <input_file_ref idref="fl-c"/>
      </object_component>
      <object_component id="oc-e2">
         <name>.text</name>
         <load_address>0x9c4</load_address>
         <run_address>0x9c4</run_address>
         <size>0x34</size>
         <input_file_ref idref="fl-2"/>
      </object_component>
      <object_component id="oc-119">
         <name>.text:GPIODirModeSet</name>
         <load_address>0x9f8</load_address>
         <run_address>0x9f8</run_address>
         <size>0x2a</size>
         <input_file_ref idref="fl-a"/>
      </object_component>
      <object_component id="oc-dc">
         <name>.text:GPIOPinTypeGPIOOutput</name>
         <load_address>0xa22</load_address>
         <run_address>0xa22</run_address>
         <size>0x18</size>
         <input_file_ref idref="fl-a"/>
      </object_component>
      <object_component id="oc-9f">
         <name>.text</name>
         <load_address>0xa3a</load_address>
         <run_address>0xa3a</run_address>
         <size>0x2</size>
         <input_file_ref idref="fl-d1"/>
      </object_component>
      <object_component id="oc-69">
         <name>.text</name>
         <load_address>0xa3c</load_address>
         <run_address>0xa3c</run_address>
         <size>0x18</size>
         <input_file_ref idref="fl-ce"/>
      </object_component>
      <object_component id="oc-f8">
         <name>.text</name>
         <load_address>0xa54</load_address>
         <run_address>0xa54</run_address>
         <size>0x14</size>
         <input_file_ref idref="fl-cd"/>
      </object_component>
      <object_component id="oc-18">
         <name>.text:decompress:none</name>
         <load_address>0xa68</load_address>
         <run_address>0xa68</run_address>
         <size>0xe</size>
         <input_file_ref idref="fl-c5"/>
      </object_component>
      <object_component id="oc-2b">
         <name>.text</name>
         <load_address>0xa76</load_address>
         <run_address>0xa76</run_address>
         <size>0xc</size>
         <input_file_ref idref="fl-4"/>
      </object_component>
      <object_component id="oc-e7">
         <name>.text:GPIOPinWrite</name>
         <load_address>0xa82</load_address>
         <run_address>0xa82</run_address>
         <size>0x6</size>
         <input_file_ref idref="fl-a"/>
      </object_component>
      <object_component id="oc-5d">
         <name>.text</name>
         <load_address>0xa88</load_address>
         <run_address>0xa88</run_address>
         <size>0x4</size>
         <input_file_ref idref="fl-cb"/>
      </object_component>
      <object_component id="oc-154">
         <name>.cinit..data.load</name>
         <load_address>0xa90</load_address>
         <run_address>0xa90</run_address>
         <size>0x11</size>
      </object_component>
      <object_component id="oc-152">
         <name>__TI_handler_table</name>
         <load_address>0xaa4</load_address>
         <run_address>0xaa4</run_address>
         <size>0x8</size>
      </object_component>
      <object_component id="oc-153">
         <name>__TI_cinit_table</name>
         <load_address>0xaac</load_address>
         <run_address>0xaac</run_address>
         <size>0x8</size>
      </object_component>
      <object_component id="oc-af">
         <name>.data:$O1$$</name>
         <load_address>0x20000200</load_address>
         <run_address>0x20000200</run_address>
         <size>0xc</size>
         <input_file_ref idref="fl-c7"/>
      </object_component>
      <object_component id="oc-75">
         <name>.data</name>
         <load_address>0x20000214</load_address>
         <run_address>0x20000214</run_address>
         <size>0x4</size>
         <input_file_ref idref="fl-cc"/>
      </object_component>
      <object_component id="oc-b2">
         <name>.data:$O1$$</name>
         <load_address>0x2000020c</load_address>
         <run_address>0x2000020c</run_address>
         <size>0x8</size>
         <input_file_ref idref="fl-cd"/>
      </object_component>
      <object_component id="oc-2a">
         <name>.stack</name>
         <uninitialized>true</uninitialized>
         <run_address>0x20000000</run_address>
         <size>0x0</size>
         <input_file_ref idref="fl-c3"/>
      </object_component>
      <object_component id="oc-155">
         <name>.stack</name>
         <uninitialized>true</uninitialized>
         <run_address>0x20000000</run_address>
         <size>0x0</size>
      </object_component>
      <object_component id="oc-e3">
         <name>.debug_info</name>
         <load_address>0x0</load_address>
         <run_address>0x0</run_address>
         <size>0xf3</size>
         <input_file_ref idref="fl-2"/>
      </object_component>
      <object_component id="oc-ee">
         <name>.debug_info</name>
         <load_address>0xf3</load_address>
         <run_address>0xf3</run_address>
         <size>0x1c2</size>
         <input_file_ref idref="fl-3"/>
      </object_component>
      <object_component id="oc-a8">
         <name>.debug_info</name>
         <load_address>0x2b5</load_address>
         <run_address>0x2b5</run_address>
         <size>0x467</size>
         <input_file_ref idref="fl-3"/>
      </object_component>
      <object_component id="oc-ba">
         <name>.debug_info</name>
         <load_address>0x71c</load_address>
         <run_address>0x71c</run_address>
         <size>0x8b</size>
         <input_file_ref idref="fl-3"/>
      </object_component>
      <object_component id="oc-7c">
         <name>.debug_info</name>
         <load_address>0x7a7</load_address>
         <run_address>0x7a7</run_address>
         <size>0x18b</size>
         <input_file_ref idref="fl-3"/>
      </object_component>
      <object_component id="oc-33">
         <name>.debug_info</name>
         <load_address>0x932</load_address>
         <run_address>0x932</run_address>
         <size>0xfe</size>
         <input_file_ref idref="fl-4"/>
      </object_component>
      <object_component id="oc-10">
         <name>.debug_info</name>
         <load_address>0xa30</load_address>
         <run_address>0xa30</run_address>
         <size>0xe9</size>
         <input_file_ref idref="fl-4"/>
      </object_component>
      <object_component id="oc-2c">
         <name>.debug_info</name>
         <load_address>0xb19</load_address>
         <run_address>0xb19</run_address>
         <size>0x265</size>
         <input_file_ref idref="fl-4"/>
      </object_component>
      <object_component id="oc-3a">
         <name>.debug_info</name>
         <load_address>0xd7e</load_address>
         <run_address>0xd7e</run_address>
         <size>0x84</size>
         <input_file_ref idref="fl-4"/>
      </object_component>
      <object_component id="oc-120">
         <name>.debug_info</name>
         <load_address>0xe02</load_address>
         <run_address>0xe02</run_address>
         <size>0x230</size>
         <input_file_ref idref="fl-a"/>
      </object_component>
      <object_component id="oc-e8">
         <name>.debug_info</name>
         <load_address>0x1032</load_address>
         <run_address>0x1032</run_address>
         <size>0x2a3</size>
         <input_file_ref idref="fl-a"/>
      </object_component>
      <object_component id="oc-11a">
         <name>.debug_info</name>
         <load_address>0x12d5</load_address>
         <run_address>0x12d5</run_address>
         <size>0x2b3</size>
         <input_file_ref idref="fl-a"/>
      </object_component>
      <object_component id="oc-114">
         <name>.debug_info</name>
         <load_address>0x1588</load_address>
         <run_address>0x1588</run_address>
         <size>0x316</size>
         <input_file_ref idref="fl-a"/>
      </object_component>
      <object_component id="oc-dd">
         <name>.debug_info</name>
         <load_address>0x189e</load_address>
         <run_address>0x189e</run_address>
         <size>0x2b7</size>
         <input_file_ref idref="fl-a"/>
      </object_component>
      <object_component id="oc-111">
         <name>.debug_info</name>
         <load_address>0x1b55</load_address>
         <run_address>0x1b55</run_address>
         <size>0x298</size>
         <input_file_ref idref="fl-c"/>
      </object_component>
      <object_component id="oc-d8">
         <name>.debug_info</name>
         <load_address>0x1ded</load_address>
         <run_address>0x1ded</run_address>
         <size>0x27f</size>
         <input_file_ref idref="fl-c"/>
      </object_component>
      <object_component id="oc-d2">
         <name>.debug_info</name>
         <load_address>0x206c</load_address>
         <run_address>0x206c</run_address>
         <size>0x27d</size>
         <input_file_ref idref="fl-c"/>
      </object_component>
      <object_component id="oc-12a">
         <name>.debug_info</name>
         <load_address>0x22e9</load_address>
         <run_address>0x22e9</run_address>
         <size>0x5f</size>
         <input_file_ref idref="fl-c"/>
      </object_component>
      <object_component id="oc-25">
         <name>.debug_info</name>
         <load_address>0x2348</load_address>
         <run_address>0x2348</run_address>
         <size>0x160</size>
         <input_file_ref idref="fl-c3"/>
      </object_component>
      <object_component id="oc-86">
         <name>.debug_info</name>
         <load_address>0x24a8</load_address>
         <run_address>0x24a8</run_address>
         <size>0xf9</size>
         <input_file_ref idref="fl-c4"/>
      </object_component>
      <object_component id="oc-13">
         <name>.debug_info</name>
         <load_address>0x25a1</load_address>
         <run_address>0x25a1</run_address>
         <size>0x245</size>
         <input_file_ref idref="fl-c4"/>
      </object_component>
      <object_component id="oc-35">
         <name>.debug_info</name>
         <load_address>0x27e6</load_address>
         <run_address>0x27e6</run_address>
         <size>0x60</size>
         <input_file_ref idref="fl-c4"/>
      </object_component>
      <object_component id="oc-81">
         <name>.debug_info</name>
         <load_address>0x2846</load_address>
         <run_address>0x2846</run_address>
         <size>0x46</size>
         <input_file_ref idref="fl-c4"/>
      </object_component>
      <object_component id="oc-4a">
         <name>.debug_info</name>
         <load_address>0x288c</load_address>
         <run_address>0x288c</run_address>
         <size>0x140</size>
         <input_file_ref idref="fl-c5"/>
      </object_component>
      <object_component id="oc-19">
         <name>.debug_info</name>
         <load_address>0x29cc</load_address>
         <run_address>0x29cc</run_address>
         <size>0x1df</size>
         <input_file_ref idref="fl-c5"/>
      </object_component>
      <object_component id="oc-45">
         <name>.debug_info</name>
         <load_address>0x2bab</load_address>
         <run_address>0x2bab</run_address>
         <size>0x46</size>
         <input_file_ref idref="fl-c5"/>
      </object_component>
      <object_component id="oc-88">
         <name>.debug_info</name>
         <load_address>0x2bf1</load_address>
         <run_address>0x2bf1</run_address>
         <size>0x2c</size>
         <input_file_ref idref="fl-c5"/>
      </object_component>
      <object_component id="oc-90">
         <name>.debug_info</name>
         <load_address>0x2c1d</load_address>
         <run_address>0x2c1d</run_address>
         <size>0x2c</size>
         <input_file_ref idref="fl-c6"/>
      </object_component>
      <object_component id="oc-b6">
         <name>.debug_info</name>
         <load_address>0x2c49</load_address>
         <run_address>0x2c49</run_address>
         <size>0x234</size>
         <input_file_ref idref="fl-c7"/>
      </object_component>
      <object_component id="oc-b0">
         <name>.debug_info</name>
         <load_address>0x2e7d</load_address>
         <run_address>0x2e7d</run_address>
         <size>0x185</size>
         <input_file_ref idref="fl-c7"/>
      </object_component>
      <object_component id="oc-70">
         <name>.debug_info</name>
         <load_address>0x3002</load_address>
         <run_address>0x3002</run_address>
         <size>0x214</size>
         <input_file_ref idref="fl-c7"/>
      </object_component>
      <object_component id="oc-40">
         <name>.debug_info</name>
         <load_address>0x3216</load_address>
         <run_address>0x3216</run_address>
         <size>0x111</size>
         <input_file_ref idref="fl-c8"/>
      </object_component>
      <object_component id="oc-58">
         <name>.debug_info</name>
         <load_address>0x3327</load_address>
         <run_address>0x3327</run_address>
         <size>0x138</size>
         <input_file_ref idref="fl-ca"/>
      </object_component>
      <object_component id="oc-5e">
         <name>.debug_info</name>
         <load_address>0x345f</load_address>
         <run_address>0x345f</run_address>
         <size>0x148</size>
         <input_file_ref idref="fl-cb"/>
      </object_component>
      <object_component id="oc-76">
         <name>.debug_info</name>
         <load_address>0x35a7</load_address>
         <run_address>0x35a7</run_address>
         <size>0x109</size>
         <input_file_ref idref="fl-cc"/>
      </object_component>
      <object_component id="oc-100">
         <name>.debug_info</name>
         <load_address>0x36b0</load_address>
         <run_address>0x36b0</run_address>
         <size>0x124</size>
         <input_file_ref idref="fl-cd"/>
      </object_component>
      <object_component id="oc-b3">
         <name>.debug_info</name>
         <load_address>0x37d4</load_address>
         <run_address>0x37d4</run_address>
         <size>0x113</size>
         <input_file_ref idref="fl-cd"/>
      </object_component>
      <object_component id="oc-f9">
         <name>.debug_info</name>
         <load_address>0x38e7</load_address>
         <run_address>0x38e7</run_address>
         <size>0x21f</size>
         <input_file_ref idref="fl-cd"/>
      </object_component>
      <object_component id="oc-ae">
         <name>.debug_info</name>
         <load_address>0x3b06</load_address>
         <run_address>0x3b06</run_address>
         <size>0x166</size>
         <input_file_ref idref="fl-ce"/>
      </object_component>
      <object_component id="oc-6a">
         <name>.debug_info</name>
         <load_address>0x3c6c</load_address>
         <run_address>0x3c6c</run_address>
         <size>0x167</size>
         <input_file_ref idref="fl-ce"/>
      </object_component>
      <object_component id="oc-f1">
         <name>.debug_info</name>
         <load_address>0x3dd3</load_address>
         <run_address>0x3dd3</run_address>
         <size>0x5e</size>
         <input_file_ref idref="fl-ce"/>
      </object_component>
      <object_component id="oc-a6">
         <name>.debug_info</name>
         <load_address>0x3e31</load_address>
         <run_address>0x3e31</run_address>
         <size>0x2e9</size>
         <input_file_ref idref="fl-cf"/>
      </object_component>
      <object_component id="oc-64">
         <name>.debug_info</name>
         <load_address>0x411a</load_address>
         <run_address>0x411a</run_address>
         <size>0x190</size>
         <input_file_ref idref="fl-cf"/>
      </object_component>
      <object_component id="oc-c6">
         <name>.debug_info</name>
         <load_address>0x42aa</load_address>
         <run_address>0x42aa</run_address>
         <size>0x39</size>
         <input_file_ref idref="fl-cf"/>
      </object_component>
      <object_component id="oc-10b">
         <name>.debug_info</name>
         <load_address>0x42e3</load_address>
         <run_address>0x42e3</run_address>
         <size>0x39</size>
         <input_file_ref idref="fl-cf"/>
      </object_component>
      <object_component id="oc-cb">
         <name>.debug_info</name>
         <load_address>0x431c</load_address>
         <run_address>0x431c</run_address>
         <size>0xcd</size>
         <input_file_ref idref="fl-cf"/>
      </object_component>
      <object_component id="oc-c2">
         <name>.debug_info</name>
         <load_address>0x43e9</load_address>
         <run_address>0x43e9</run_address>
         <size>0x1e0</size>
         <input_file_ref idref="fl-d0"/>
      </object_component>
      <object_component id="oc-9a">
         <name>.debug_info</name>
         <load_address>0x45c9</load_address>
         <run_address>0x45c9</run_address>
         <size>0x183</size>
         <input_file_ref idref="fl-d0"/>
      </object_component>
      <object_component id="oc-106">
         <name>.debug_info</name>
         <load_address>0x474c</load_address>
         <run_address>0x474c</run_address>
         <size>0x2c</size>
         <input_file_ref idref="fl-d0"/>
      </object_component>
      <object_component id="oc-a0">
         <name>.debug_info</name>
         <load_address>0x4778</load_address>
         <run_address>0x4778</run_address>
         <size>0x145</size>
         <input_file_ref idref="fl-d1"/>
      </object_component>
      <object_component id="oc-156">
         <name>.debug_info</name>
         <load_address>0x48bd</load_address>
         <run_address>0x48bd</run_address>
         <size>0x9f</size>
      </object_component>
      <object_component id="oc-e6">
         <name>.debug_line</name>
         <load_address>0x0</load_address>
         <run_address>0x0</run_address>
         <size>0x4c</size>
         <input_file_ref idref="fl-2"/>
      </object_component>
      <object_component id="oc-124">
         <name>.debug_line</name>
         <load_address>0x4c</load_address>
         <run_address>0x4c</run_address>
         <size>0xb3</size>
         <input_file_ref idref="fl-3"/>
      </object_component>
      <object_component id="oc-ab">
         <name>.debug_line</name>
         <load_address>0xff</load_address>
         <run_address>0xff</run_address>
         <size>0x1b3</size>
         <input_file_ref idref="fl-3"/>
      </object_component>
      <object_component id="oc-bd">
         <name>.debug_line</name>
         <load_address>0x2b2</load_address>
         <run_address>0x2b2</run_address>
         <size>0x20</size>
         <input_file_ref idref="fl-3"/>
      </object_component>
      <object_component id="oc-7f">
         <name>.debug_line</name>
         <load_address>0x2d2</load_address>
         <run_address>0x2d2</run_address>
         <size>0x70</size>
         <input_file_ref idref="fl-3"/>
      </object_component>
      <object_component id="oc-7b">
         <name>.debug_line</name>
         <load_address>0x342</load_address>
         <run_address>0x342</run_address>
         <size>0x41</size>
         <input_file_ref idref="fl-4"/>
      </object_component>
      <object_component id="oc-32">
         <name>.debug_line</name>
         <load_address>0x383</load_address>
         <run_address>0x383</run_address>
         <size>0x41</size>
         <input_file_ref idref="fl-4"/>
      </object_component>
      <object_component id="oc-2f">
         <name>.debug_line</name>
         <load_address>0x3c4</load_address>
         <run_address>0x3c4</run_address>
         <size>0xa1</size>
         <input_file_ref idref="fl-4"/>
      </object_component>
      <object_component id="oc-3d">
         <name>.debug_line</name>
         <load_address>0x465</load_address>
         <run_address>0x465</run_address>
         <size>0x20</size>
         <input_file_ref idref="fl-4"/>
      </object_component>
      <object_component id="oc-132">
         <name>.debug_line</name>
         <load_address>0x485</load_address>
         <run_address>0x485</run_address>
         <size>0x82</size>
         <input_file_ref idref="fl-a"/>
      </object_component>
      <object_component id="oc-eb">
         <name>.debug_line</name>
         <load_address>0x507</load_address>
         <run_address>0x507</run_address>
         <size>0x92</size>
         <input_file_ref idref="fl-a"/>
      </object_component>
      <object_component id="oc-11d">
         <name>.debug_line</name>
         <load_address>0x599</load_address>
         <run_address>0x599</run_address>
         <size>0x95</size>
         <input_file_ref idref="fl-a"/>
      </object_component>
      <object_component id="oc-117">
         <name>.debug_line</name>
         <load_address>0x62e</load_address>
         <run_address>0x62e</run_address>
         <size>0xd1</size>
         <input_file_ref idref="fl-a"/>
      </object_component>
      <object_component id="oc-e0">
         <name>.debug_line</name>
         <load_address>0x6ff</load_address>
         <run_address>0x6ff</run_address>
         <size>0x99</size>
         <input_file_ref idref="fl-a"/>
      </object_component>
      <object_component id="oc-129">
         <name>.debug_line</name>
         <load_address>0x798</load_address>
         <run_address>0x798</run_address>
         <size>0x13d</size>
         <input_file_ref idref="fl-c"/>
      </object_component>
      <object_component id="oc-d7">
         <name>.debug_line</name>
         <load_address>0x8d5</load_address>
         <run_address>0x8d5</run_address>
         <size>0x94</size>
         <input_file_ref idref="fl-c"/>
      </object_component>
      <object_component id="oc-d1">
         <name>.debug_line</name>
         <load_address>0x969</load_address>
         <run_address>0x969</run_address>
         <size>0x94</size>
         <input_file_ref idref="fl-c"/>
      </object_component>
      <object_component id="oc-12d">
         <name>.debug_line</name>
         <load_address>0x9fd</load_address>
         <run_address>0x9fd</run_address>
         <size>0x7f</size>
         <input_file_ref idref="fl-c"/>
      </object_component>
      <object_component id="oc-28">
         <name>.debug_line</name>
         <load_address>0xa7c</load_address>
         <run_address>0xa7c</run_address>
         <size>0x53</size>
         <input_file_ref idref="fl-c3"/>
      </object_component>
      <object_component id="oc-c0">
         <name>.debug_line</name>
         <load_address>0xacf</load_address>
         <run_address>0xacf</run_address>
         <size>0x20</size>
         <input_file_ref idref="fl-c4"/>
      </object_component>
      <object_component id="oc-16">
         <name>.debug_line</name>
         <load_address>0xaef</load_address>
         <run_address>0xaef</run_address>
         <size>0xa9</size>
         <input_file_ref idref="fl-c4"/>
      </object_component>
      <object_component id="oc-38">
         <name>.debug_line</name>
         <load_address>0xb98</load_address>
         <run_address>0xb98</run_address>
         <size>0x3a</size>
         <input_file_ref idref="fl-c4"/>
      </object_component>
      <object_component id="oc-84">
         <name>.debug_line</name>
         <load_address>0xbd2</load_address>
         <run_address>0xbd2</run_address>
         <size>0x8a</size>
         <input_file_ref idref="fl-c4"/>
      </object_component>
      <object_component id="oc-8e">
         <name>.debug_line</name>
         <load_address>0xc5c</load_address>
         <run_address>0xc5c</run_address>
         <size>0x8a</size>
         <input_file_ref idref="fl-c5"/>
      </object_component>
      <object_component id="oc-1c">
         <name>.debug_line</name>
         <load_address>0xce6</load_address>
         <run_address>0xce6</run_address>
         <size>0x55</size>
         <input_file_ref idref="fl-c5"/>
      </object_component>
      <object_component id="oc-48">
         <name>.debug_line</name>
         <load_address>0xd3b</load_address>
         <run_address>0xd3b</run_address>
         <size>0x3a</size>
         <input_file_ref idref="fl-c5"/>
      </object_component>
      <object_component id="oc-8b">
         <name>.debug_line</name>
         <load_address>0xd75</load_address>
         <run_address>0xd75</run_address>
         <size>0x8a</size>
         <input_file_ref idref="fl-c5"/>
      </object_component>
      <object_component id="oc-93">
         <name>.debug_line</name>
         <load_address>0xdff</load_address>
         <run_address>0xdff</run_address>
         <size>0x8a</size>
         <input_file_ref idref="fl-c6"/>
      </object_component>
      <object_component id="oc-103">
         <name>.debug_line</name>
         <load_address>0xe89</load_address>
         <run_address>0xe89</run_address>
         <size>0xf2</size>
         <input_file_ref idref="fl-c7"/>
      </object_component>
      <object_component id="oc-f7">
         <name>.debug_line</name>
         <load_address>0xf7b</load_address>
         <run_address>0xf7b</run_address>
         <size>0x2a</size>
         <input_file_ref idref="fl-c7"/>
      </object_component>
      <object_component id="oc-73">
         <name>.debug_line</name>
         <load_address>0xfa5</load_address>
         <run_address>0xfa5</run_address>
         <size>0x86</size>
         <input_file_ref idref="fl-c7"/>
      </object_component>
      <object_component id="oc-43">
         <name>.debug_line</name>
         <load_address>0x102b</load_address>
         <run_address>0x102b</run_address>
         <size>0x88</size>
         <input_file_ref idref="fl-c8"/>
      </object_component>
      <object_component id="oc-5b">
         <name>.debug_line</name>
         <load_address>0x10b3</load_address>
         <run_address>0x10b3</run_address>
         <size>0x3d</size>
         <input_file_ref idref="fl-ca"/>
      </object_component>
      <object_component id="oc-61">
         <name>.debug_line</name>
         <load_address>0x10f0</load_address>
         <run_address>0x10f0</run_address>
         <size>0x40</size>
         <input_file_ref idref="fl-cb"/>
      </object_component>
      <object_component id="oc-b9">
         <name>.debug_line</name>
         <load_address>0x1130</load_address>
         <run_address>0x1130</run_address>
         <size>0x33</size>
         <input_file_ref idref="fl-cc"/>
      </object_component>
      <object_component id="oc-127">
         <name>.debug_line</name>
         <load_address>0x1163</load_address>
         <run_address>0x1163</run_address>
         <size>0x20</size>
         <input_file_ref idref="fl-cd"/>
      </object_component>
      <object_component id="oc-ff">
         <name>.debug_line</name>
         <load_address>0x1183</load_address>
         <run_address>0x1183</run_address>
         <size>0x2b</size>
         <input_file_ref idref="fl-cd"/>
      </object_component>
      <object_component id="oc-fc">
         <name>.debug_line</name>
         <load_address>0x11ae</load_address>
         <run_address>0x11ae</run_address>
         <size>0x68</size>
         <input_file_ref idref="fl-cd"/>
      </object_component>
      <object_component id="oc-f0">
         <name>.debug_line</name>
         <load_address>0x1216</load_address>
         <run_address>0x1216</run_address>
         <size>0x2b</size>
         <input_file_ref idref="fl-ce"/>
      </object_component>
      <object_component id="oc-6d">
         <name>.debug_line</name>
         <load_address>0x1241</load_address>
         <run_address>0x1241</run_address>
         <size>0x4a</size>
         <input_file_ref idref="fl-ce"/>
      </object_component>
      <object_component id="oc-f4">
         <name>.debug_line</name>
         <load_address>0x128b</load_address>
         <run_address>0x128b</run_address>
         <size>0x2b</size>
         <input_file_ref idref="fl-ce"/>
      </object_component>
      <object_component id="oc-c5">
         <name>.debug_line</name>
         <load_address>0x12b6</load_address>
         <run_address>0x12b6</run_address>
         <size>0xa9</size>
         <input_file_ref idref="fl-cf"/>
      </object_component>
      <object_component id="oc-67">
         <name>.debug_line</name>
         <load_address>0x135f</load_address>
         <run_address>0x135f</run_address>
         <size>0x8b</size>
         <input_file_ref idref="fl-cf"/>
      </object_component>
      <object_component id="oc-c9">
         <name>.debug_line</name>
         <load_address>0x13ea</load_address>
         <run_address>0x13ea</run_address>
         <size>0x2e</size>
         <input_file_ref idref="fl-cf"/>
      </object_component>
      <object_component id="oc-10e">
         <name>.debug_line</name>
         <load_address>0x1418</load_address>
         <run_address>0x1418</run_address>
         <size>0x8a</size>
         <input_file_ref idref="fl-cf"/>
      </object_component>
      <object_component id="oc-ce">
         <name>.debug_line</name>
         <load_address>0x14a2</load_address>
         <run_address>0x14a2</run_address>
         <size>0x8b</size>
         <input_file_ref idref="fl-cf"/>
      </object_component>
      <object_component id="oc-105">
         <name>.debug_line</name>
         <load_address>0x152d</load_address>
         <run_address>0x152d</run_address>
         <size>0x98</size>
         <input_file_ref idref="fl-d0"/>
      </object_component>
      <object_component id="oc-9d">
         <name>.debug_line</name>
         <load_address>0x15c5</load_address>
         <run_address>0x15c5</run_address>
         <size>0x68</size>
         <input_file_ref idref="fl-d0"/>
      </object_component>
      <object_component id="oc-109">
         <name>.debug_line</name>
         <load_address>0x162d</load_address>
         <run_address>0x162d</run_address>
         <size>0x2e</size>
         <input_file_ref idref="fl-d0"/>
      </object_component>
      <object_component id="oc-a3">
         <name>.debug_line</name>
         <load_address>0x165b</load_address>
         <run_address>0x165b</run_address>
         <size>0x3c</size>
         <input_file_ref idref="fl-d1"/>
      </object_component>
      <object_component id="oc-121">
         <name>.debug_abbrev</name>
         <load_address>0x0</load_address>
         <run_address>0x0</run_address>
         <size>0x41</size>
         <input_file_ref idref="fl-2"/>
      </object_component>
      <object_component id="oc-123">
         <name>.debug_abbrev</name>
         <load_address>0x41</load_address>
         <run_address>0x41</run_address>
         <size>0x7d</size>
         <input_file_ref idref="fl-3"/>
      </object_component>
      <object_component id="oc-ed">
         <name>.debug_abbrev</name>
         <load_address>0xbe</load_address>
         <run_address>0xbe</run_address>
         <size>0xb4</size>
         <input_file_ref idref="fl-3"/>
      </object_component>
      <object_component id="oc-bc">
         <name>.debug_abbrev</name>
         <load_address>0x172</load_address>
         <run_address>0x172</run_address>
         <size>0x1f</size>
         <input_file_ref idref="fl-3"/>
      </object_component>
      <object_component id="oc-7e">
         <name>.debug_abbrev</name>
         <load_address>0x191</load_address>
         <run_address>0x191</run_address>
         <size>0x35</size>
         <input_file_ref idref="fl-3"/>
      </object_component>
      <object_component id="oc-7a">
         <name>.debug_abbrev</name>
         <load_address>0x1c6</load_address>
         <run_address>0x1c6</run_address>
         <size>0x54</size>
         <input_file_ref idref="fl-4"/>
      </object_component>
      <object_component id="oc-31">
         <name>.debug_abbrev</name>
         <load_address>0x21a</load_address>
         <run_address>0x21a</run_address>
         <size>0x29</size>
         <input_file_ref idref="fl-4"/>
      </object_component>
      <object_component id="oc-79">
         <name>.debug_abbrev</name>
         <load_address>0x243</load_address>
         <run_address>0x243</run_address>
         <size>0x79</size>
         <input_file_ref idref="fl-4"/>
      </object_component>
      <object_component id="oc-3c">
         <name>.debug_abbrev</name>
         <load_address>0x2bc</load_address>
         <run_address>0x2bc</run_address>
         <size>0x1f</size>
         <input_file_ref idref="fl-4"/>
      </object_component>
      <object_component id="oc-131">
         <name>.debug_abbrev</name>
         <load_address>0x2db</load_address>
         <run_address>0x2db</run_address>
         <size>0x72</size>
         <input_file_ref idref="fl-a"/>
      </object_component>
      <object_component id="oc-122">
         <name>.debug_abbrev</name>
         <load_address>0x34d</load_address>
         <run_address>0x34d</run_address>
         <size>0x6c</size>
         <input_file_ref idref="fl-a"/>
      </object_component>
      <object_component id="oc-130">
         <name>.debug_abbrev</name>
         <load_address>0x3b9</load_address>
         <run_address>0x3b9</run_address>
         <size>0x6c</size>
         <input_file_ref idref="fl-a"/>
      </object_component>
      <object_component id="oc-12f">
         <name>.debug_abbrev</name>
         <load_address>0x425</load_address>
         <run_address>0x425</run_address>
         <size>0x6c</size>
         <input_file_ref idref="fl-a"/>
      </object_component>
      <object_component id="oc-11f">
         <name>.debug_abbrev</name>
         <load_address>0x491</load_address>
         <run_address>0x491</run_address>
         <size>0x7a</size>
         <input_file_ref idref="fl-a"/>
      </object_component>
      <object_component id="oc-128">
         <name>.debug_abbrev</name>
         <load_address>0x50b</load_address>
         <run_address>0x50b</run_address>
         <size>0xb0</size>
         <input_file_ref idref="fl-c"/>
      </object_component>
      <object_component id="oc-112">
         <name>.debug_abbrev</name>
         <load_address>0x5bb</load_address>
         <run_address>0x5bb</run_address>
         <size>0x6e</size>
         <input_file_ref idref="fl-c"/>
      </object_component>
      <object_component id="oc-110">
         <name>.debug_abbrev</name>
         <load_address>0x629</load_address>
         <run_address>0x629</run_address>
         <size>0x6c</size>
         <input_file_ref idref="fl-c"/>
      </object_component>
      <object_component id="oc-12c">
         <name>.debug_abbrev</name>
         <load_address>0x695</load_address>
         <run_address>0x695</run_address>
         <size>0x49</size>
         <input_file_ref idref="fl-c"/>
      </object_component>
      <object_component id="oc-78">
         <name>.debug_abbrev</name>
         <load_address>0x6de</load_address>
         <run_address>0x6de</run_address>
         <size>0x3e</size>
         <input_file_ref idref="fl-c3"/>
      </object_component>
      <object_component id="oc-bf">
         <name>.debug_abbrev</name>
         <load_address>0x71c</load_address>
         <run_address>0x71c</run_address>
         <size>0x2c</size>
         <input_file_ref idref="fl-c4"/>
      </object_component>
      <object_component id="oc-34">
         <name>.debug_abbrev</name>
         <load_address>0x748</load_address>
         <run_address>0x748</run_address>
         <size>0x6f</size>
         <input_file_ref idref="fl-c4"/>
      </object_component>
      <object_component id="oc-37">
         <name>.debug_abbrev</name>
         <load_address>0x7b7</load_address>
         <run_address>0x7b7</run_address>
         <size>0x24</size>
         <input_file_ref idref="fl-c4"/>
      </object_component>
      <object_component id="oc-83">
         <name>.debug_abbrev</name>
         <load_address>0x7db</load_address>
         <run_address>0x7db</run_address>
         <size>0x35</size>
         <input_file_ref idref="fl-c4"/>
      </object_component>
      <object_component id="oc-8d">
         <name>.debug_abbrev</name>
         <load_address>0x810</load_address>
         <run_address>0x810</run_address>
         <size>0x52</size>
         <input_file_ref idref="fl-c5"/>
      </object_component>
      <object_component id="oc-44">
         <name>.debug_abbrev</name>
         <load_address>0x862</load_address>
         <run_address>0x862</run_address>
         <size>0x74</size>
         <input_file_ref idref="fl-c5"/>
      </object_component>
      <object_component id="oc-47">
         <name>.debug_abbrev</name>
         <load_address>0x8d6</load_address>
         <run_address>0x8d6</run_address>
         <size>0x24</size>
         <input_file_ref idref="fl-c5"/>
      </object_component>
      <object_component id="oc-8a">
         <name>.debug_abbrev</name>
         <load_address>0x8fa</load_address>
         <run_address>0x8fa</run_address>
         <size>0x24</size>
         <input_file_ref idref="fl-c5"/>
      </object_component>
      <object_component id="oc-92">
         <name>.debug_abbrev</name>
         <load_address>0x91e</load_address>
         <run_address>0x91e</run_address>
         <size>0x24</size>
         <input_file_ref idref="fl-c6"/>
      </object_component>
      <object_component id="oc-102">
         <name>.debug_abbrev</name>
         <load_address>0x942</load_address>
         <run_address>0x942</run_address>
         <size>0xa8</size>
         <input_file_ref idref="fl-c7"/>
      </object_component>
      <object_component id="oc-f6">
         <name>.debug_abbrev</name>
         <load_address>0x9ea</load_address>
         <run_address>0x9ea</run_address>
         <size>0x29</size>
         <input_file_ref idref="fl-c7"/>
      </object_component>
      <object_component id="oc-b5">
         <name>.debug_abbrev</name>
         <load_address>0xa13</load_address>
         <run_address>0xa13</run_address>
         <size>0xba</size>
         <input_file_ref idref="fl-c7"/>
      </object_component>
      <object_component id="oc-87">
         <name>.debug_abbrev</name>
         <load_address>0xacd</load_address>
         <run_address>0xacd</run_address>
         <size>0x3e</size>
         <input_file_ref idref="fl-c8"/>
      </object_component>
      <object_component id="oc-97">
         <name>.debug_abbrev</name>
         <load_address>0xb0b</load_address>
         <run_address>0xb0b</run_address>
         <size>0x53</size>
         <input_file_ref idref="fl-ca"/>
      </object_component>
      <object_component id="oc-98">
         <name>.debug_abbrev</name>
         <load_address>0xb5e</load_address>
         <run_address>0xb5e</run_address>
         <size>0x55</size>
         <input_file_ref idref="fl-cb"/>
      </object_component>
      <object_component id="oc-b8">
         <name>.debug_abbrev</name>
         <load_address>0xbb3</load_address>
         <run_address>0xbb3</run_address>
         <size>0x27</size>
         <input_file_ref idref="fl-cc"/>
      </object_component>
      <object_component id="oc-126">
         <name>.debug_abbrev</name>
         <load_address>0xbda</load_address>
         <run_address>0xbda</run_address>
         <size>0x45</size>
         <input_file_ref idref="fl-cd"/>
      </object_component>
      <object_component id="oc-fe">
         <name>.debug_abbrev</name>
         <load_address>0xc1f</load_address>
         <run_address>0xc1f</run_address>
         <size>0x29</size>
         <input_file_ref idref="fl-cd"/>
      </object_component>
      <object_component id="oc-125">
         <name>.debug_abbrev</name>
         <load_address>0xc48</load_address>
         <run_address>0xc48</run_address>
         <size>0x6f</size>
         <input_file_ref idref="fl-cd"/>
      </object_component>
      <object_component id="oc-ef">
         <name>.debug_abbrev</name>
         <load_address>0xcb7</load_address>
         <run_address>0xcb7</run_address>
         <size>0x8e</size>
         <input_file_ref idref="fl-ce"/>
      </object_component>
      <object_component id="oc-ad">
         <name>.debug_abbrev</name>
         <load_address>0xd45</load_address>
         <run_address>0xd45</run_address>
         <size>0x68</size>
         <input_file_ref idref="fl-ce"/>
      </object_component>
      <object_component id="oc-f3">
         <name>.debug_abbrev</name>
         <load_address>0xdad</load_address>
         <run_address>0xdad</run_address>
         <size>0x49</size>
         <input_file_ref idref="fl-ce"/>
      </object_component>
      <object_component id="oc-c4">
         <name>.debug_abbrev</name>
         <load_address>0xdf6</load_address>
         <run_address>0xdf6</run_address>
         <size>0xae</size>
         <input_file_ref idref="fl-cf"/>
      </object_component>
      <object_component id="oc-a5">
         <name>.debug_abbrev</name>
         <load_address>0xea4</load_address>
         <run_address>0xea4</run_address>
         <size>0x7e</size>
         <input_file_ref idref="fl-cf"/>
      </object_component>
      <object_component id="oc-c8">
         <name>.debug_abbrev</name>
         <load_address>0xf22</load_address>
         <run_address>0xf22</run_address>
         <size>0x24</size>
         <input_file_ref idref="fl-cf"/>
      </object_component>
      <object_component id="oc-10d">
         <name>.debug_abbrev</name>
         <load_address>0xf46</load_address>
         <run_address>0xf46</run_address>
         <size>0x24</size>
         <input_file_ref idref="fl-cf"/>
      </object_component>
      <object_component id="oc-cd">
         <name>.debug_abbrev</name>
         <load_address>0xf6a</load_address>
         <run_address>0xf6a</run_address>
         <size>0x4b</size>
         <input_file_ref idref="fl-cf"/>
      </object_component>
      <object_component id="oc-104">
         <name>.debug_abbrev</name>
         <load_address>0xfb5</load_address>
         <run_address>0xfb5</run_address>
         <size>0x9c</size>
         <input_file_ref idref="fl-d0"/>
      </object_component>
      <object_component id="oc-c1">
         <name>.debug_abbrev</name>
         <load_address>0x1051</load_address>
         <run_address>0x1051</run_address>
         <size>0x8c</size>
         <input_file_ref idref="fl-d0"/>
      </object_component>
      <object_component id="oc-108">
         <name>.debug_abbrev</name>
         <load_address>0x10dd</load_address>
         <run_address>0x10dd</run_address>
         <size>0x24</size>
         <input_file_ref idref="fl-d0"/>
      </object_component>
      <object_component id="oc-c3">
         <name>.debug_abbrev</name>
         <load_address>0x1101</load_address>
         <run_address>0x1101</run_address>
         <size>0x53</size>
         <input_file_ref idref="fl-d1"/>
      </object_component>
      <object_component id="oc-157">
         <name>.debug_abbrev</name>
         <load_address>0x1154</load_address>
         <run_address>0x1154</run_address>
         <size>0xf</size>
      </object_component>
      <object_component id="oc-e4">
         <name>.debug_aranges</name>
         <load_address>0x0</load_address>
         <run_address>0x0</run_address>
         <size>0x20</size>
         <input_file_ref idref="fl-2"/>
      </object_component>
      <object_component id="oc-a9">
         <name>.debug_aranges</name>
         <load_address>0x20</load_address>
         <run_address>0x20</run_address>
         <size>0x30</size>
         <input_file_ref idref="fl-3"/>
      </object_component>
      <object_component id="oc-2d">
         <name>.debug_aranges</name>
         <load_address>0x50</load_address>
         <run_address>0x50</run_address>
         <size>0x38</size>
         <input_file_ref idref="fl-4"/>
      </object_component>
      <object_component id="oc-e9">
         <name>.debug_aranges</name>
         <load_address>0x88</load_address>
         <run_address>0x88</run_address>
         <size>0x20</size>
         <input_file_ref idref="fl-a"/>
      </object_component>
      <object_component id="oc-11b">
         <name>.debug_aranges</name>
         <load_address>0xa8</load_address>
         <run_address>0xa8</run_address>
         <size>0x20</size>
         <input_file_ref idref="fl-a"/>
      </object_component>
      <object_component id="oc-115">
         <name>.debug_aranges</name>
         <load_address>0xc8</load_address>
         <run_address>0xc8</run_address>
         <size>0x20</size>
         <input_file_ref idref="fl-a"/>
      </object_component>
      <object_component id="oc-de">
         <name>.debug_aranges</name>
         <load_address>0xe8</load_address>
         <run_address>0xe8</run_address>
         <size>0x20</size>
         <input_file_ref idref="fl-a"/>
      </object_component>
      <object_component id="oc-d9">
         <name>.debug_aranges</name>
         <load_address>0x108</load_address>
         <run_address>0x108</run_address>
         <size>0x20</size>
         <input_file_ref idref="fl-c"/>
      </object_component>
      <object_component id="oc-d3">
         <name>.debug_aranges</name>
         <load_address>0x128</load_address>
         <run_address>0x128</run_address>
         <size>0x20</size>
         <input_file_ref idref="fl-c"/>
      </object_component>
      <object_component id="oc-26">
         <name>.debug_aranges</name>
         <load_address>0x148</load_address>
         <run_address>0x148</run_address>
         <size>0x20</size>
         <input_file_ref idref="fl-c3"/>
      </object_component>
      <object_component id="oc-14">
         <name>.debug_aranges</name>
         <load_address>0x168</load_address>
         <run_address>0x168</run_address>
         <size>0x20</size>
         <input_file_ref idref="fl-c4"/>
      </object_component>
      <object_component id="oc-1a">
         <name>.debug_aranges</name>
         <load_address>0x188</load_address>
         <run_address>0x188</run_address>
         <size>0x20</size>
         <input_file_ref idref="fl-c5"/>
      </object_component>
      <object_component id="oc-71">
         <name>.debug_aranges</name>
         <load_address>0x1a8</load_address>
         <run_address>0x1a8</run_address>
         <size>0x30</size>
         <input_file_ref idref="fl-c7"/>
      </object_component>
      <object_component id="oc-41">
         <name>.debug_aranges</name>
         <load_address>0x1d8</load_address>
         <run_address>0x1d8</run_address>
         <size>0x20</size>
         <input_file_ref idref="fl-c8"/>
      </object_component>
      <object_component id="oc-59">
         <name>.debug_aranges</name>
         <load_address>0x1f8</load_address>
         <run_address>0x1f8</run_address>
         <size>0x20</size>
         <input_file_ref idref="fl-ca"/>
      </object_component>
      <object_component id="oc-5f">
         <name>.debug_aranges</name>
         <load_address>0x218</load_address>
         <run_address>0x218</run_address>
         <size>0x20</size>
         <input_file_ref idref="fl-cb"/>
      </object_component>
      <object_component id="oc-fa">
         <name>.debug_aranges</name>
         <load_address>0x238</load_address>
         <run_address>0x238</run_address>
         <size>0x30</size>
         <input_file_ref idref="fl-cd"/>
      </object_component>
      <object_component id="oc-6b">
         <name>.debug_aranges</name>
         <load_address>0x268</load_address>
         <run_address>0x268</run_address>
         <size>0x20</size>
         <input_file_ref idref="fl-ce"/>
      </object_component>
      <object_component id="oc-65">
         <name>.debug_aranges</name>
         <load_address>0x288</load_address>
         <run_address>0x288</run_address>
         <size>0x20</size>
         <input_file_ref idref="fl-cf"/>
      </object_component>
      <object_component id="oc-9b">
         <name>.debug_aranges</name>
         <load_address>0x2a8</load_address>
         <run_address>0x2a8</run_address>
         <size>0x20</size>
         <input_file_ref idref="fl-d0"/>
      </object_component>
      <object_component id="oc-a1">
         <name>.debug_aranges</name>
         <load_address>0x2c8</load_address>
         <run_address>0x2c8</run_address>
         <size>0x20</size>
         <input_file_ref idref="fl-d1"/>
      </object_component>
      <object_component id="oc-e5">
         <name>.debug_pubnames</name>
         <load_address>0x0</load_address>
         <run_address>0x0</run_address>
         <size>0x28</size>
         <input_file_ref idref="fl-2"/>
      </object_component>
      <object_component id="oc-aa">
         <name>.debug_pubnames</name>
         <load_address>0x28</load_address>
         <run_address>0x28</run_address>
         <size>0x3a</size>
         <input_file_ref idref="fl-3"/>
      </object_component>
      <object_component id="oc-11">
         <name>.debug_pubnames</name>
         <load_address>0x62</load_address>
         <run_address>0x62</run_address>
         <size>0x23</size>
         <input_file_ref idref="fl-4"/>
      </object_component>
      <object_component id="oc-2e">
         <name>.debug_pubnames</name>
         <load_address>0x85</load_address>
         <run_address>0x85</run_address>
         <size>0x4c</size>
         <input_file_ref idref="fl-4"/>
      </object_component>
      <object_component id="oc-ea">
         <name>.debug_pubnames</name>
         <load_address>0xd1</load_address>
         <run_address>0xd1</run_address>
         <size>0x23</size>
         <input_file_ref idref="fl-a"/>
      </object_component>
      <object_component id="oc-11c">
         <name>.debug_pubnames</name>
         <load_address>0xf4</load_address>
         <run_address>0xf4</run_address>
         <size>0x25</size>
         <input_file_ref idref="fl-a"/>
      </object_component>
      <object_component id="oc-116">
         <name>.debug_pubnames</name>
         <load_address>0x119</load_address>
         <run_address>0x119</run_address>
         <size>0x27</size>
         <input_file_ref idref="fl-a"/>
      </object_component>
      <object_component id="oc-df">
         <name>.debug_pubnames</name>
         <load_address>0x140</load_address>
         <run_address>0x140</run_address>
         <size>0x2c</size>
         <input_file_ref idref="fl-a"/>
      </object_component>
      <object_component id="oc-da">
         <name>.debug_pubnames</name>
         <load_address>0x16c</load_address>
         <run_address>0x16c</run_address>
         <size>0x2c</size>
         <input_file_ref idref="fl-c"/>
      </object_component>
      <object_component id="oc-d4">
         <name>.debug_pubnames</name>
         <load_address>0x198</load_address>
         <run_address>0x198</run_address>
         <size>0x2d</size>
         <input_file_ref idref="fl-c"/>
      </object_component>
      <object_component id="oc-27">
         <name>.debug_pubnames</name>
         <load_address>0x1c5</load_address>
         <run_address>0x1c5</run_address>
         <size>0x1f</size>
         <input_file_ref idref="fl-c3"/>
      </object_component>
      <object_component id="oc-15">
         <name>.debug_pubnames</name>
         <load_address>0x1e4</load_address>
         <run_address>0x1e4</run_address>
         <size>0x2b</size>
         <input_file_ref idref="fl-c4"/>
      </object_component>
      <object_component id="oc-1b">
         <name>.debug_pubnames</name>
         <load_address>0x20f</load_address>
         <run_address>0x20f</run_address>
         <size>0x2b</size>
         <input_file_ref idref="fl-c5"/>
      </object_component>
      <object_component id="oc-b1">
         <name>.debug_pubnames</name>
         <load_address>0x23a</load_address>
         <run_address>0x23a</run_address>
         <size>0x5e</size>
         <input_file_ref idref="fl-c7"/>
      </object_component>
      <object_component id="oc-72">
         <name>.debug_pubnames</name>
         <load_address>0x298</load_address>
         <run_address>0x298</run_address>
         <size>0x35</size>
         <input_file_ref idref="fl-c7"/>
      </object_component>
      <object_component id="oc-42">
         <name>.debug_pubnames</name>
         <load_address>0x2cd</load_address>
         <run_address>0x2cd</run_address>
         <size>0x1d</size>
         <input_file_ref idref="fl-c8"/>
      </object_component>
      <object_component id="oc-5a">
         <name>.debug_pubnames</name>
         <load_address>0x2ea</load_address>
         <run_address>0x2ea</run_address>
         <size>0x21</size>
         <input_file_ref idref="fl-ca"/>
      </object_component>
      <object_component id="oc-60">
         <name>.debug_pubnames</name>
         <load_address>0x30b</load_address>
         <run_address>0x30b</run_address>
         <size>0x27</size>
         <input_file_ref idref="fl-cb"/>
      </object_component>
      <object_component id="oc-77">
         <name>.debug_pubnames</name>
         <load_address>0x332</load_address>
         <run_address>0x332</run_address>
         <size>0x23</size>
         <input_file_ref idref="fl-cc"/>
      </object_component>
      <object_component id="oc-b4">
         <name>.debug_pubnames</name>
         <load_address>0x355</load_address>
         <run_address>0x355</run_address>
         <size>0x28</size>
         <input_file_ref idref="fl-cd"/>
      </object_component>
      <object_component id="oc-fb">
         <name>.debug_pubnames</name>
         <load_address>0x37d</load_address>
         <run_address>0x37d</run_address>
         <size>0x43</size>
         <input_file_ref idref="fl-cd"/>
      </object_component>
      <object_component id="oc-6c">
         <name>.debug_pubnames</name>
         <load_address>0x3c0</load_address>
         <run_address>0x3c0</run_address>
         <size>0x21</size>
         <input_file_ref idref="fl-ce"/>
      </object_component>
      <object_component id="oc-66">
         <name>.debug_pubnames</name>
         <load_address>0x3e1</load_address>
         <run_address>0x3e1</run_address>
         <size>0x25</size>
         <input_file_ref idref="fl-cf"/>
      </object_component>
      <object_component id="oc-9c">
         <name>.debug_pubnames</name>
         <load_address>0x406</load_address>
         <run_address>0x406</run_address>
         <size>0x1e</size>
         <input_file_ref idref="fl-d0"/>
      </object_component>
      <object_component id="oc-a2">
         <name>.debug_pubnames</name>
         <load_address>0x424</load_address>
         <run_address>0x424</run_address>
         <size>0x29</size>
         <input_file_ref idref="fl-d1"/>
      </object_component>
      <object_component id="oc-ac">
         <name>.debug_frame</name>
         <load_address>0x0</load_address>
         <run_address>0x0</run_address>
         <size>0x8d</size>
         <input_file_ref idref="fl-3"/>
      </object_component>
      <object_component id="oc-30">
         <name>.debug_frame</name>
         <load_address>0x8d</load_address>
         <run_address>0x8d</run_address>
         <size>0x84</size>
         <input_file_ref idref="fl-4"/>
      </object_component>
      <object_component id="oc-ec">
         <name>.debug_frame</name>
         <load_address>0x111</load_address>
         <run_address>0x111</run_address>
         <size>0x7f</size>
         <input_file_ref idref="fl-a"/>
      </object_component>
      <object_component id="oc-11e">
         <name>.debug_frame</name>
         <load_address>0x190</load_address>
         <run_address>0x190</run_address>
         <size>0x7f</size>
         <input_file_ref idref="fl-a"/>
      </object_component>
      <object_component id="oc-118">
         <name>.debug_frame</name>
         <load_address>0x20f</load_address>
         <run_address>0x20f</run_address>
         <size>0x8f</size>
         <input_file_ref idref="fl-a"/>
      </object_component>
      <object_component id="oc-e1">
         <name>.debug_frame</name>
         <load_address>0x29e</load_address>
         <run_address>0x29e</run_address>
         <size>0x8a</size>
         <input_file_ref idref="fl-a"/>
      </object_component>
      <object_component id="oc-db">
         <name>.debug_frame</name>
         <load_address>0x328</load_address>
         <run_address>0x328</run_address>
         <size>0x7f</size>
         <input_file_ref idref="fl-c"/>
      </object_component>
      <object_component id="oc-d5">
         <name>.debug_frame</name>
         <load_address>0x3a7</load_address>
         <run_address>0x3a7</run_address>
         <size>0x7f</size>
         <input_file_ref idref="fl-c"/>
      </object_component>
      <object_component id="oc-17">
         <name>.debug_frame</name>
         <load_address>0x426</load_address>
         <run_address>0x426</run_address>
         <size>0x60</size>
         <input_file_ref idref="fl-c4"/>
      </object_component>
      <object_component id="oc-1d">
         <name>.debug_frame</name>
         <load_address>0x486</load_address>
         <run_address>0x486</run_address>
         <size>0x51</size>
         <input_file_ref idref="fl-c5"/>
      </object_component>
      <object_component id="oc-74">
         <name>.debug_frame</name>
         <load_address>0x4d7</load_address>
         <run_address>0x4d7</run_address>
         <size>0x85</size>
         <input_file_ref idref="fl-c7"/>
      </object_component>
      <object_component id="oc-5c">
         <name>.debug_frame</name>
         <load_address>0x55c</load_address>
         <run_address>0x55c</run_address>
         <size>0x51</size>
         <input_file_ref idref="fl-ca"/>
      </object_component>
      <object_component id="oc-62">
         <name>.debug_frame</name>
         <load_address>0x5ad</load_address>
         <run_address>0x5ad</run_address>
         <size>0x51</size>
         <input_file_ref idref="fl-cb"/>
      </object_component>
      <object_component id="oc-fd">
         <name>.debug_frame</name>
         <load_address>0x5fe</load_address>
         <run_address>0x5fe</run_address>
         <size>0x73</size>
         <input_file_ref idref="fl-cd"/>
      </object_component>
      <object_component id="oc-6e">
         <name>.debug_frame</name>
         <load_address>0x671</load_address>
         <run_address>0x671</run_address>
         <size>0x51</size>
         <input_file_ref idref="fl-ce"/>
      </object_component>
      <object_component id="oc-68">
         <name>.debug_frame</name>
         <load_address>0x6c2</load_address>
         <run_address>0x6c2</run_address>
         <size>0x5c</size>
         <input_file_ref idref="fl-cf"/>
      </object_component>
      <object_component id="oc-9e">
         <name>.debug_frame</name>
         <load_address>0x71e</load_address>
         <run_address>0x71e</run_address>
         <size>0x60</size>
         <input_file_ref idref="fl-d0"/>
      </object_component>
      <object_component id="oc-a4">
         <name>.debug_frame</name>
         <load_address>0x77e</load_address>
         <run_address>0x77e</run_address>
         <size>0x51</size>
         <input_file_ref idref="fl-d1"/>
      </object_component>
      <object_component id="oc-be">
         <name>.debug_str</name>
         <load_address>0x0</load_address>
         <run_address>0x0</run_address>
         <size>0xfc</size>
         <input_file_ref idref="fl-3"/>
      </object_component>
      <object_component id="oc-80">
         <name>.debug_str</name>
         <load_address>0xfc</load_address>
         <run_address>0xfc</run_address>
         <size>0x221</size>
         <input_file_ref idref="fl-3"/>
      </object_component>
      <object_component id="oc-3e">
         <name>.debug_str</name>
         <load_address>0x31d</load_address>
         <run_address>0x31d</run_address>
         <size>0xfc</size>
         <input_file_ref idref="fl-4"/>
      </object_component>
      <object_component id="oc-12e">
         <name>.debug_str</name>
         <load_address>0x419</load_address>
         <run_address>0x419</run_address>
         <size>0x141</size>
         <input_file_ref idref="fl-c"/>
      </object_component>
      <object_component id="oc-39">
         <name>.debug_str</name>
         <load_address>0x55a</load_address>
         <run_address>0x55a</run_address>
         <size>0x10d</size>
         <input_file_ref idref="fl-c4"/>
      </object_component>
      <object_component id="oc-85">
         <name>.debug_str</name>
         <load_address>0x667</load_address>
         <run_address>0x667</run_address>
         <size>0x14a</size>
         <input_file_ref idref="fl-c4"/>
      </object_component>
      <object_component id="oc-49">
         <name>.debug_str</name>
         <load_address>0x7b1</load_address>
         <run_address>0x7b1</run_address>
         <size>0x100</size>
         <input_file_ref idref="fl-c5"/>
      </object_component>
      <object_component id="oc-8c">
         <name>.debug_str</name>
         <load_address>0x8b1</load_address>
         <run_address>0x8b1</run_address>
         <size>0x12d</size>
         <input_file_ref idref="fl-c5"/>
      </object_component>
      <object_component id="oc-94">
         <name>.debug_str</name>
         <load_address>0x9de</load_address>
         <run_address>0x9de</run_address>
         <size>0x12d</size>
         <input_file_ref idref="fl-c6"/>
      </object_component>
      <object_component id="oc-f5">
         <name>.debug_str</name>
         <load_address>0xb0b</load_address>
         <run_address>0xb0b</run_address>
         <size>0xd6</size>
         <input_file_ref idref="fl-ce"/>
      </object_component>
      <object_component id="oc-ca">
         <name>.debug_str</name>
         <load_address>0xbe1</load_address>
         <run_address>0xbe1</run_address>
         <size>0xe2</size>
         <input_file_ref idref="fl-cf"/>
      </object_component>
      <object_component id="oc-10f">
         <name>.debug_str</name>
         <load_address>0xcc3</load_address>
         <run_address>0xcc3</run_address>
         <size>0x138</size>
         <input_file_ref idref="fl-cf"/>
      </object_component>
      <object_component id="oc-cf">
         <name>.debug_str</name>
         <load_address>0xdfb</load_address>
         <run_address>0xdfb</run_address>
         <size>0x184</size>
         <input_file_ref idref="fl-cf"/>
      </object_component>
      <object_component id="oc-10a">
         <name>.debug_str</name>
         <load_address>0xf7f</load_address>
         <run_address>0xf7f</run_address>
         <size>0xd7</size>
         <input_file_ref idref="fl-d0"/>
      </object_component>
      <object_component id="oc-bb">
         <name>.debug_pubtypes</name>
         <load_address>0x0</load_address>
         <run_address>0x0</run_address>
         <size>0xff</size>
         <input_file_ref idref="fl-3"/>
      </object_component>
      <object_component id="oc-7d">
         <name>.debug_pubtypes</name>
         <load_address>0xff</load_address>
         <run_address>0xff</run_address>
         <size>0x1c6</size>
         <input_file_ref idref="fl-3"/>
      </object_component>
      <object_component id="oc-3b">
         <name>.debug_pubtypes</name>
         <load_address>0x2c5</load_address>
         <run_address>0x2c5</run_address>
         <size>0xed</size>
         <input_file_ref idref="fl-4"/>
      </object_component>
      <object_component id="oc-12b">
         <name>.debug_pubtypes</name>
         <load_address>0x3b2</load_address>
         <run_address>0x3b2</run_address>
         <size>0x28</size>
         <input_file_ref idref="fl-c"/>
      </object_component>
      <object_component id="oc-36">
         <name>.debug_pubtypes</name>
         <load_address>0x3da</load_address>
         <run_address>0x3da</run_address>
         <size>0x5d</size>
         <input_file_ref idref="fl-c4"/>
      </object_component>
      <object_component id="oc-82">
         <name>.debug_pubtypes</name>
         <load_address>0x437</load_address>
         <run_address>0x437</run_address>
         <size>0x42</size>
         <input_file_ref idref="fl-c4"/>
      </object_component>
      <object_component id="oc-46">
         <name>.debug_pubtypes</name>
         <load_address>0x479</load_address>
         <run_address>0x479</run_address>
         <size>0x48</size>
         <input_file_ref idref="fl-c5"/>
      </object_component>
      <object_component id="oc-89">
         <name>.debug_pubtypes</name>
         <load_address>0x4c1</load_address>
         <run_address>0x4c1</run_address>
         <size>0x1d</size>
         <input_file_ref idref="fl-c5"/>
      </object_component>
      <object_component id="oc-91">
         <name>.debug_pubtypes</name>
         <load_address>0x4de</load_address>
         <run_address>0x4de</run_address>
         <size>0x1d</size>
         <input_file_ref idref="fl-c6"/>
      </object_component>
      <object_component id="oc-b7">
         <name>.debug_pubtypes</name>
         <load_address>0x4fb</load_address>
         <run_address>0x4fb</run_address>
         <size>0x1f</size>
         <input_file_ref idref="fl-c7"/>
      </object_component>
      <object_component id="oc-101">
         <name>.debug_pubtypes</name>
         <load_address>0x51a</load_address>
         <run_address>0x51a</run_address>
         <size>0x1f</size>
         <input_file_ref idref="fl-cd"/>
      </object_component>
      <object_component id="oc-f2">
         <name>.debug_pubtypes</name>
         <load_address>0x539</load_address>
         <run_address>0x539</run_address>
         <size>0x1b</size>
         <input_file_ref idref="fl-ce"/>
      </object_component>
      <object_component id="oc-c7">
         <name>.debug_pubtypes</name>
         <load_address>0x554</load_address>
         <run_address>0x554</run_address>
         <size>0x32</size>
         <input_file_ref idref="fl-cf"/>
      </object_component>
      <object_component id="oc-10c">
         <name>.debug_pubtypes</name>
         <load_address>0x586</load_address>
         <run_address>0x586</run_address>
         <size>0x2c</size>
         <input_file_ref idref="fl-cf"/>
      </object_component>
      <object_component id="oc-cc">
         <name>.debug_pubtypes</name>
         <load_address>0x5b2</load_address>
         <run_address>0x5b2</run_address>
         <size>0x50</size>
         <input_file_ref idref="fl-cf"/>
      </object_component>
      <object_component id="oc-107">
         <name>.debug_pubtypes</name>
         <load_address>0x602</load_address>
         <run_address>0x602</run_address>
         <size>0x23</size>
         <input_file_ref idref="fl-d0"/>
      </object_component>
   </object_component_list>
   <logical_group_list>
      <logical_group id="lg-3" display="no" color="cyan">
         <name>.intvecs</name>
         <load_address>0x0</load_address>
         <run_address>0x0</run_address>
         <size>0x26c</size>
         <contents>
            <object_component_ref idref="oc-f"/>
         </contents>
      </logical_group>
      <logical_group id="lg-4" display="no" color="cyan">
         <name>.text</name>
         <load_address>0x26c</load_address>
         <run_address>0x26c</run_address>
         <size>0x820</size>
         <contents>
            <object_component_ref idref="oc-a7"/>
            <object_component_ref idref="oc-113"/>
            <object_component_ref idref="oc-3f"/>
            <object_component_ref idref="oc-57"/>
            <object_component_ref idref="oc-63"/>
            <object_component_ref idref="oc-12"/>
            <object_component_ref idref="oc-24"/>
            <object_component_ref idref="oc-6f"/>
            <object_component_ref idref="oc-99"/>
            <object_component_ref idref="oc-d6"/>
            <object_component_ref idref="oc-d0"/>
            <object_component_ref idref="oc-e2"/>
            <object_component_ref idref="oc-119"/>
            <object_component_ref idref="oc-dc"/>
            <object_component_ref idref="oc-9f"/>
            <object_component_ref idref="oc-69"/>
            <object_component_ref idref="oc-f8"/>
            <object_component_ref idref="oc-18"/>
            <object_component_ref idref="oc-2b"/>
            <object_component_ref idref="oc-e7"/>
            <object_component_ref idref="oc-5d"/>
         </contents>
      </logical_group>
      <logical_group id="lg-5" display="no" color="cyan">
         <name>.const</name>
         <run_address>0x0</run_address>
         <size>0x0</size>
         <contents>
         </contents>
      </logical_group>
      <logical_group id="lg-6" display="no" color="cyan">
         <name>.cinit</name>
         <load_address>0xa90</load_address>
         <run_address>0xa90</run_address>
         <size>0x24</size>
         <contents>
            <object_component_ref idref="oc-154"/>
            <object_component_ref idref="oc-152"/>
            <object_component_ref idref="oc-153"/>
         </contents>
      </logical_group>
      <logical_group id="lg-7" display="no" color="cyan">
         <name>.pinit</name>
         <run_address>0x0</run_address>
         <size>0x0</size>
         <contents>
         </contents>
      </logical_group>
      <logical_group id="lg-8" display="no" color="cyan">
         <name>.init_array</name>
         <run_address>0x0</run_address>
         <size>0x0</size>
         <contents>
         </contents>
      </logical_group>
      <logical_group id="lg-9" display="no" color="cyan">
         <name>.vtable</name>
         <run_address>0x0</run_address>
         <size>0x0</size>
         <contents>
         </contents>
      </logical_group>
      <logical_group id="lg-a" display="no" color="cyan">
         <name>.data</name>
         <run_address>0x20000200</run_address>
         <size>0x18</size>
         <contents>
            <object_component_ref idref="oc-af"/>
            <object_component_ref idref="oc-75"/>
            <object_component_ref idref="oc-b2"/>
         </contents>
      </logical_group>
      <logical_group id="lg-b" display="no" color="cyan">
         <name>.bss</name>
         <run_address>0x0</run_address>
         <size>0x0</size>
         <contents>
         </contents>
      </logical_group>
      <logical_group id="lg-c" display="no" color="cyan">
         <name>.sysmem</name>
         <run_address>0x0</run_address>
         <size>0x0</size>
         <contents>
         </contents>
      </logical_group>
      <logical_group id="lg-d" display="no" color="cyan">
         <name>.stack</name>
         <run_address>0x20000000</run_address>
         <size>0x200</size>
         <contents>
            <object_component_ref idref="oc-2a"/>
            <object_component_ref idref="oc-155"/>
         </contents>
      </logical_group>
      <logical_group id="lg-133" display="no" color="cyan">
         <name>.TI.noinit</name>
         <run_address>0x0</run_address>
         <size>0x0</size>
         <contents>
         </contents>
      </logical_group>
      <logical_group id="lg-134" display="no" color="cyan">
         <name>.TI.persistent</name>
         <run_address>0x0</run_address>
         <size>0x0</size>
         <contents>
         </contents>
      </logical_group>
      <logical_group id="lg-142" display="never" color="cyan">
         <name>.debug_info</name>
         <load_address>0x0</load_address>
         <run_address>0x0</run_address>
         <size>0x495c</size>
         <contents>
            <object_component_ref idref="oc-e3"/>
            <object_component_ref idref="oc-ee"/>
            <object_component_ref idref="oc-a8"/>
            <object_component_ref idref="oc-ba"/>
            <object_component_ref idref="oc-7c"/>
[...]
            <object_component_ref idref="oc-7a"/>
            <object_component_ref idref="oc-31"/>
            <object_component_ref idref="oc-79"/>
            <object_component_ref idref="oc-3c"/>
            <object_component_ref idref="oc-131"/>
            <object_component_ref idref="oc-122"/>
            <object_component_ref idref="oc-130"/>
            <object_component_ref idref="oc-12f"/>
            <object_component_ref idref="oc-11f"/>
            <object_component_ref idref="oc-128"/>
            <object_component_ref idref="oc-112"/>
            <object_component_ref idref="oc-110"/>
            <object_component_ref idref="oc-12c"/>
            <object_component_ref idref="oc-78"/>
            <object_component_ref idref="oc-bf"/>
            <object_component_ref idref="oc-34"/>
            <object_component_ref idref="oc-37"/>
            <object_component_ref idref="oc-83"/>
            <object_component_ref idref="oc-8d"/>
            <object_component_ref idref="oc-44"/>
            <object_component_ref idref="oc-47"/>
            <object_component_ref idref="oc-8a"/>
            <object_component_ref idref="oc-92"/>
            <object_component_ref idref="oc-102"/>
            <object_component_ref idref="oc-f6"/>
            <object_component_ref idref="oc-b5"/>
            <object_component_ref idref="oc-87"/>
            <object_component_ref idref="oc-97"/>
            <object_component_ref idref="oc-98"/>
            <object_component_ref idref="oc-b8"/>
            <object_component_ref idref="oc-126"/>
            <object_component_ref idref="oc-fe"/>
            <object_component_ref idref="oc-125"/>
            <object_component_ref idref="oc-ef"/>
            <object_component_ref idref="oc-ad"/>
            <object_component_ref idref="oc-f3"/>
            <object_component_ref idref="oc-c4"/>
            <object_component_ref idref="oc-a5"/>
            <object_component_ref idref="oc-c8"/>
            <object_component_ref idref="oc-10d"/>
            <object_component_ref idref="oc-cd"/>
            <object_component_ref idref="oc-104"/>
            <object_component_ref idref="oc-c1"/>
            <object_component_ref idref="oc-108"/>
            <object_component_ref idref="oc-c3"/>
            <object_component_ref idref="oc-157"/>
         </contents>
      </logical_group>
      <logical_group id="lg-148" display="never" color="cyan">
         <name>.debug_aranges</name>
         <load_address>0x0</load_address>
         <run_address>0x0</run_address>
         <size>0x2e8</size>
         <contents>
            <object_component_ref idref="oc-e4"/>
            <object_component_ref idref="oc-a9"/>
            <object_component_ref idref="oc-2d"/>
            <object_component_ref idref="oc-e9"/>
            <object_component_ref idref="oc-11b"/>
            <object_component_ref idref="oc-115"/>
            <object_component_ref idref="oc-de"/>
            <object_component_ref idref="oc-d9"/>
            <object_component_ref idref="oc-d3"/>
            <object_component_ref idref="oc-26"/>
            <object_component_ref idref="oc-14"/>
            <object_component_ref idref="oc-1a"/>
            <object_component_ref idref="oc-71"/>
            <object_component_ref idref="oc-41"/>
            <object_component_ref idref="oc-59"/>
            <object_component_ref idref="oc-5f"/>
            <object_component_ref idref="oc-fa"/>
            <object_component_ref idref="oc-6b"/>
            <object_component_ref idref="oc-65"/>
            <object_component_ref idref="oc-9b"/>
            <object_component_ref idref="oc-a1"/>
         </contents>
      </logical_group>
      <logical_group id="lg-14a" display="never" color="cyan">
         <name>.debug_pubnames</name>
         <load_address>0x0</load_address>
         <run_address>0x0</run_address>
         <size>0x44d</size>
         <contents>
            <object_component_ref idref="oc-e5"/>
            <object_component_ref idref="oc-aa"/>
            <object_component_ref idref="oc-11"/>
            <object_component_ref idref="oc-2e"/>
            <object_component_ref idref="oc-ea"/>
            <object_component_ref idref="oc-11c"/>
            <object_component_ref idref="oc-116"/>
            <object_component_ref idref="oc-df"/>
            <object_component_ref idref="oc-da"/>
            <object_component_ref idref="oc-d4"/>
            <object_component_ref idref="oc-27"/>
            <object_component_ref idref="oc-15"/>
            <object_component_ref idref="oc-1b"/>
            <object_component_ref idref="oc-b1"/>
            <object_component_ref idref="oc-72"/>
            <object_component_ref idref="oc-42"/>
            <object_component_ref idref="oc-5a"/>
            <object_component_ref idref="oc-60"/>
            <object_component_ref idref="oc-77"/>
            <object_component_ref idref="oc-b4"/>
            <object_component_ref idref="oc-fb"/>
            <object_component_ref idref="oc-6c"/>
            <object_component_ref idref="oc-66"/>
            <object_component_ref idref="oc-9c"/>
            <object_component_ref idref="oc-a2"/>
         </contents>
      </logical_group>
      <logical_group id="lg-14c" display="never" color="cyan">
         <name>.debug_frame</name>
         <load_address>0x0</load_address>
         <run_address>0x0</run_address>
         <size>0x7cf</size>
         <contents>
            <object_component_ref idref="oc-ac"/>
            <object_component_ref idref="oc-30"/>
            <object_component_ref idref="oc-ec"/>
            <object_component_ref idref="oc-11e"/>
            <object_component_ref idref="oc-118"/>
            <object_component_ref idref="oc-e1"/>
            <object_component_ref idref="oc-db"/>
            <object_component_ref idref="oc-d5"/>
            <object_component_ref idref="oc-17"/>
            <object_component_ref idref="oc-1d"/>
            <object_component_ref idref="oc-74"/>
            <object_component_ref idref="oc-5c"/>
            <object_component_ref idref="oc-62"/>
            <object_component_ref idref="oc-fd"/>
            <object_component_ref idref="oc-6e"/>
            <object_component_ref idref="oc-68"/>
            <object_component_ref idref="oc-9e"/>
            <object_component_ref idref="oc-a4"/>
         </contents>
      </logical_group>
      <logical_group id="lg-14e" display="never" color="cyan">
         <name>.debug_str</name>
         <load_address>0x0</load_address>
         <run_address>0x0</run_address>
         <size>0x1056</size>
         <contents>
            <object_component_ref idref="oc-be"/>
            <object_component_ref idref="oc-80"/>
            <object_component_ref idref="oc-3e"/>
            <object_component_ref idref="oc-12e"/>
            <object_component_ref idref="oc-39"/>
            <object_component_ref idref="oc-85"/>
            <object_component_ref idref="oc-49"/>
            <object_component_ref idref="oc-8c"/>
            <object_component_ref idref="oc-94"/>
            <object_component_ref idref="oc-f5"/>
            <object_component_ref idref="oc-ca"/>
            <object_component_ref idref="oc-10f"/>
            <object_component_ref idref="oc-cf"/>
            <object_component_ref idref="oc-10a"/>
         </contents>
      </logical_group>
      <logical_group id="lg-150" display="never" color="cyan">
         <name>.debug_pubtypes</name>
         <load_address>0x0</load_address>
         <run_address>0x0</run_address>
         <size>0x625</size>
         <contents>
            <object_component_ref idref="oc-bb"/>
            <object_component_ref idref="oc-7d"/>
            <object_component_ref idref="oc-3b"/>
            <object_component_ref idref="oc-12b"/>
            <object_component_ref idref="oc-36"/>
            <object_component_ref idref="oc-82"/>
            <object_component_ref idref="oc-46"/>
            <object_component_ref idref="oc-89"/>
            <object_component_ref idref="oc-91"/>
            <object_component_ref idref="oc-b7"/>
            <object_component_ref idref="oc-101"/>
            <object_component_ref idref="oc-f2"/>
            <object_component_ref idref="oc-c7"/>
            <object_component_ref idref="oc-10c"/>
            <object_component_ref idref="oc-cc"/>
            <object_component_ref idref="oc-107"/>
         </contents>
      </logical_group>
      <load_segment id="lg-159" display="no" color="cyan">
         <name>SEGMENT_0</name>
         <load_address>0x0</load_address>
         <run_address>0x0</run_address>
         <size>0xab4</size>
         <flags>0x5</flags>
         <contents>
            <logical_group_ref idref="lg-3"/>
            <logical_group_ref idref="lg-4"/>
            <logical_group_ref idref="lg-6"/>
         </contents>
      </load_segment>
      <load_segment id="lg-15a" display="no" color="cyan">
         <name>SEGMENT_1</name>
         <run_address>0x20000000</run_address>
         <size>0x218</size>
         <flags>0x6</flags>
         <contents>
            <logical_group_ref idref="lg-d"/>
            <logical_group_ref idref="lg-a"/>
         </contents>
      </load_segment>
   </logical_group_list>
   <placement_map>
      <memory_area display="yes" color="green">
         <name>FLASH</name>
         <page_id>0x0</page_id>
         <origin>0x0</origin>
         <length>0x40000</length>
         <used_space>0xab0</used_space>
         <unused_space>0x3f550</unused_space>
         <attributes>RX</attributes>
         <usage_details>
            <allocated_space>
               <start_address>0x0</start_address>
               <size>0x26c</size>
               <logical_group_ref idref="lg-3"/>
            </allocated_space>
            <allocated_space>
               <start_address>0x26c</start_address>
               <size>0x820</size>
               <logical_group_ref idref="lg-4"/>
            </allocated_space>
            <available_space>
               <start_address>0xa8c</start_address>
               <size>0x4</size>
            </available_space>
            <allocated_space>
               <start_address>0xa90</start_address>
               <size>0x24</size>
               <logical_group_ref idref="lg-6"/>
            </allocated_space>
            <available_space>
               <start_address>0xab4</start_address>
               <size>0x3f54c</size>
            </available_space>
         </usage_details>
      </memory_area>
      <memory_area display="yes" color="green">
         <name>SRAM</name>
         <page_id>0x0</page_id>
         <origin>0x20000000</origin>
         <length>0x8000</length>
         <used_space>0x218</used_space>
         <unused_space>0x7de8</unused_space>
         <attributes>RWX</attributes>
         <usage_details>
            <allocated_space>
               <start_address>0x20000000</start_address>
               <size>0x200</size>
               <logical_group_ref idref="lg-d"/>
            </allocated_space>
            <allocated_space>
               <start_address>0x20000200</start_address>
               <size>0x18</size>
               <logical_group_ref idref="lg-a"/>
            </allocated_space>
            <available_space>
               <start_address>0x20000218</start_address>
               <size>0x7de8</size>
            </available_space>
         </usage_details>
      </memory_area>
   </placement_map>
   <cptbl_list>
      <cptbl>
         <name>__TI_cinit_table</name>
         <cprec>
            <name>.data</name>
            <load_address>0xa90</load_address>
            <load_size>0x11</load_size>
            <run_address>0x20000200</run_address>
            <run_size>0x18</run_size>
            <compression>lzss</compression>
         </cprec>
      </cptbl>
   </cptbl_list>
   <handler_table>
      <handler_table_name>__TI_handler_table</handler_table_name>
      <handler>
         <index>0x0</index>
         <name>__TI_decompress_lzss</name>
      </handler>
      <handler>
         <index>0x1</index>
         <name>__TI_decompress_none</name>
      </handler>
   </handler_table>
   <symbol_table>
      <symbol id="sm-1">
         <name>__STACK_TOP</name>
         <value>0x20000200</value>
      </symbol>
      <symbol id="sm-2">
         <name>__TI_CINIT_Base</name>
         <value>0xaac</value>
      </symbol>
      <symbol id="sm-3">
         <name>__TI_CINIT_Limit</name>
         <value>0xab4</value>
      </symbol>
      <symbol id="sm-4">
         <name>__TI_Handler_Table_Base</name>
         <value>0xaa4</value>
      </symbol>
      <symbol id="sm-5">
         <name>__TI_Handler_Table_Limit</name>
         <value>0xaac</value>
      </symbol>
      <symbol id="sm-6">
         <name>binit</name>
         <value>0xffffffff</value>
      </symbol>
      <symbol id="sm-7">
         <name>__binit__</name>
         <value>0xffffffff</value>
      </symbol>
      <symbol id="sm-8">
         <name>__STACK_SIZE</name>
         <value>0x200</value>
      </symbol>
      <symbol id="sm-9">
         <name>__STACK_END</name>
         <value>0x20000200</value>
      </symbol>
      <symbol id="sm-a">
         <name>__c_args__</name>
         <value>0xffffffff</value>
      </symbol>
      <symbol id="sm-b">
         <name>__TI_pprof_out_hndl</name>
         <value>0xffffffff</value>
      </symbol>
      <symbol id="sm-c">
         <name>__TI_prof_data_start</name>
         <value>0xffffffff</value>
      </symbol>
      <symbol id="sm-d">
         <name>__TI_prof_data_size</name>
         <value>0xffffffff</value>
      </symbol>
      <symbol id="sm-2e">
         <name>fib</name>
         <value>0x9c5</value>
         <object_component_ref idref="oc-e2"/>
      </symbol>
      <symbol id="sm-88">
         <name>convert_to_morse</name>
         <value>0x539</value>
         <object_component_ref idref="oc-a7"/>
      </symbol>
      <symbol id="sm-89">
         <name>main</name>
         <value>0x26d</value>
         <object_component_ref idref="oc-a7"/>
      </symbol>
      <symbol id="sm-8a">
         <name>blink</name>
         <value>0x2a1</value>
         <object_component_ref idref="oc-a7"/>
      </symbol>
      <symbol id="sm-ab">
         <name>ResetISR</name>
         <value>0xa77</value>
         <object_component_ref idref="oc-2b"/>
      </symbol>
      <symbol id="sm-ac">
         <name>g_pfnVectors</name>
         <value>0x0</value>
         <object_component_ref idref="oc-f"/>
      </symbol>
      <symbol id="sm-d3">
         <name>GPIOPinTypeGPIOOutput</name>
         <value>0xa23</value>
         <object_component_ref idref="oc-dc"/>
      </symbol>
      <symbol id="sm-d4">
         <name>GPIODirModeSet</name>
         <value>0x9f9</value>
         <object_component_ref idref="oc-119"/>
      </symbol>
      <symbol id="sm-d5">
         <name>GPIOPinWrite</name>
         <value>0xa83</value>
         <object_component_ref idref="oc-e7"/>
      </symbol>
      <symbol id="sm-d6">
         <name>GPIOPadConfigSet</name>
         <value>0x5bd</value>
         <object_component_ref idref="oc-113"/>
      </symbol>
      <symbol id="sm-f6">
         <name>SysCtlPeripheralEnable</name>
         <value>0x991</value>
         <object_component_ref idref="oc-d0"/>
      </symbol>
      <symbol id="sm-f7">
         <name>SysCtlPeripheralReady</name>
         <value>0x959</value>
         <object_component_ref idref="oc-d6"/>
      </symbol>
      <symbol id="sm-109">
         <name>_c_int00</name>
         <value>0x865</value>
         <object_component_ref idref="oc-24"/>
      </symbol>
      <symbol id="sm-10a">
         <name>__stack</name>
         <value>0x20000000</value>
         <object_component_ref idref="oc-2a"/>
      </symbol>
      <symbol id="sm-128">
         <name>__TI_decompress_lzss</name>
         <value>0x7fd</value>
         <object_component_ref idref="oc-12"/>
      </symbol>
      <symbol id="sm-13f">
         <name>__TI_decompress_none</name>
         <value>0xa69</value>
         <object_component_ref idref="oc-18"/>
      </symbol>
      <symbol id="sm-166">
         <name>C$$EXIT</name>
         <value>0x8b9</value>
         <object_component_ref idref="oc-6f"/>
      </symbol>
      <symbol id="sm-167">
         <name>abort</name>
         <value>0x8bd</value>
         <object_component_ref idref="oc-6f"/>
      </symbol>
      <symbol id="sm-168">
         <name>exit</name>
         <value>0x8c5</value>
         <object_component_ref idref="oc-6f"/>
      </symbol>
      <symbol id="sm-169">
         <name>__TI_dtors_ptr</name>
         <value>0x20000204</value>
         <object_component_ref idref="oc-af"/>
      </symbol>
      <symbol id="sm-16a">
         <name>__TI_cleanup_ptr</name>
         <value>0x20000200</value>
         <object_component_ref idref="oc-af"/>
      </symbol>
      <symbol id="sm-16b">
         <name>__TI_enable_exit_profile_output</name>
         <value>0x20000208</value>
         <object_component_ref idref="oc-af"/>
      </symbol>
      <symbol id="sm-186">
         <name>memcpy</name>
         <value>0x6ef</value>
         <object_component_ref idref="oc-3f"/>
      </symbol>
      <symbol id="sm-187">
         <name>__aeabi_memcpy</name>
         <value>0x6ef</value>
         <object_component_ref idref="oc-3f"/>
      </symbol>
      <symbol id="sm-188">
         <name>__aeabi_memcpy8</name>
         <value>0x6ef</value>
         <object_component_ref idref="oc-3f"/>
      </symbol>
      <symbol id="sm-189">
         <name>__aeabi_memcpy4</name>
         <value>0x6ef</value>
         <object_component_ref idref="oc-3f"/>
      </symbol>
      <symbol id="sm-194">
         <name>__mpu_init</name>
         <value>0x78b</value>
         <object_component_ref idref="oc-57"/>
      </symbol>
      <symbol id="sm-19e">
         <name>_system_pre_init</name>
         <value>0xa89</value>
         <object_component_ref idref="oc-5d"/>
      </symbol>
      <symbol id="sm-1a6">
         <name>main_func_sp</name>
         <value>0x20000214</value>
         <object_component_ref idref="oc-75"/>
      </symbol>
      <symbol id="sm-1bf">
         <name>_nop</name>
         <value>0xa63</value>
         <object_component_ref idref="oc-f8"/>
      </symbol>
      <symbol id="sm-1c0">
         <name>_lock</name>
         <value>0x2000020c</value>
         <object_component_ref idref="oc-b2"/>
      </symbol>
      <symbol id="sm-1c1">
         <name>_unlock</name>
         <value>0x20000210</value>
         <object_component_ref idref="oc-b2"/>
      </symbol>
      <symbol id="sm-1c2">
         <name>_register_lock</name>
         <value>0xa5b</value>
         <object_component_ref idref="oc-f8"/>
      </symbol>
      <symbol id="sm-1c3">
         <name>_register_unlock</name>
         <value>0xa55</value>
         <object_component_ref idref="oc-f8"/>
      </symbol>
      <symbol id="sm-1d7">
         <name>_args_main</name>
         <value>0xa3d</value>
         <object_component_ref idref="oc-69"/>
      </symbol>
      <symbol id="sm-201">
         <name>__TI_auto_init</name>
         <value>0x78d</value>
         <object_component_ref idref="oc-63"/>
      </symbol>
      <symbol id="sm-21b">
         <name>copy_in</name>
         <value>0x90d</value>
         <object_component_ref idref="oc-99"/>
      </symbol>
      <symbol id="sm-225">
         <name>_system_post_cinit</name>
         <value>0xa3b</value>
         <object_component_ref idref="oc-9f"/>
      </symbol>
      <symbol id="sm-226">
         <name>__TI_static_base__</name>
         <value>0x0</value>
      </symbol>
      <symbol id="sm-229">
         <name>SHT$$INIT_ARRAY$$Limit</name>
         <value>0x0</value>
      </symbol>
      <symbol id="sm-22a">
         <name>SHT$$INIT_ARRAY$$Base</name>
         <value>0x0</value>
      </symbol>
   </symbol_table>
   <title>Link successful</title>
</link_info>
